name,coords_start,coords_end,trias_start,trias_end
flat_ellipse,0,35,0,67
all,0,35,0,67