name,coords_start,coords_end,trias_start,trias_end
sphere,0,35,0,67
ellipsoid,36,51,68,95
all,0,51,0,95
