name,coords_start,coords_end,trias_start,trias_end
flag,0,46,0,89
all,0,46,0,89