name,coords_start,coords_end,trias_start,trias_end
sphere,0,0,0,15
all,0,9,0,15