name,coords_start,coords_end,trias_start,trias_end
sphere,0,9,0,15
plane,10,49,16,91
all,0,49,0,91