name,coords_start,coords_end,trias_start,trias_end
cuboid,0,87,0,131
all,0,87,0,131
